[3/31/2026, 08:32:20] 
=== Spanish InfinityTalk Watcher ===
[3/31/2026, 08:32:20] Lessons: lesson-0-1, lesson-1-1, lesson-1-2
[3/31/2026, 08:32:20] ComfyUI not running — starting it...
[3/31/2026, 08:32:20] Restarting ComfyUI...
[3/31/2026, 08:32:21] ComfyUI launch command sent
[3/31/2026, 08:32:21] Waiting for ComfyUI...
[3/31/2026, 08:32:27] ComfyUI healthy
[3/31/2026, 08:32:27] Starting from: lesson-0-1
[3/31/2026, 08:32:27] Launching: node generate-infinitytalk-spanish.mjs --start lesson-0-1
  | COMPLETE: lesson-0-1-avatar-es.mp4 (137.1min)
  | DONE: 1/1 Spanish videos generated
[3/31/2026, 10:49:32] Pipeline exited code=0 signal=null
[3/31/2026, 10:49:32] --- RESTART #1 ---
[3/31/2026, 10:49:32] lesson-1-1 failure count: 1/3
[3/31/2026, 10:49:47] Launching: node generate-infinitytalk-spanish.mjs --start lesson-1-1
  | COMPLETE: lesson-1-1-avatar-es.mp4 (174.6min)
  | DONE: 1/1 Spanish videos generated
[3/31/2026, 13:44:23] Pipeline exited code=0 signal=null
[3/31/2026, 13:44:23] --- RESTART #2 ---
[3/31/2026, 13:44:23] lesson-1-2 failure count: 1/3
[3/31/2026, 13:44:38] Launching: node generate-infinitytalk-spanish.mjs --start lesson-1-2
[3/31/2026, 14:00:21] ERROR: Pipeline: FAIL seg1: ComfyUI workflow error
[3/31/2026, 21:09:18] 
=== Spanish InfinityTalk Watcher ===
[3/31/2026, 21:09:18] Lessons: lesson-0-1, lesson-1-1, lesson-1-2
[3/31/2026, 21:09:18] Starting from: lesson-1-2
[3/31/2026, 21:09:18] Launching: node generate-infinitytalk-spanish.mjs --start lesson-1-2
  | COMPLETE: lesson-1-2-avatar-es.mp4 (139.9min)
  | DONE: 1/1 Spanish videos generated
[3/31/2026, 23:29:11] Pipeline exited code=0 signal=null
[3/31/2026, 23:29:11] ALL 3 SPANISH VIDEOS COMPLETE!
[3/31/2026, 23:29:11] Watcher stopped.
[4/1/2026, 05:58:36] 
=== Spanish InfinityTalk Watcher ===
[4/1/2026, 05:58:36] Lessons: lesson-0-1, lesson-1-1, lesson-1-2
[4/1/2026, 05:58:36] Starting from: lesson-0-1
[4/1/2026, 05:58:36] Launching: node generate-infinitytalk-spanish.mjs --start lesson-0-1
  | COMPLETE: lesson-0-1-avatar-es.mp4 (129.2min)
  | DONE: 1/1 Spanish videos generated
[4/1/2026, 08:07:47] Pipeline exited code=0 signal=null
[4/1/2026, 08:07:47] --- RESTART #1 ---
[4/1/2026, 08:07:47] lesson-1-2 failure count: 1/3
[4/1/2026, 08:08:02] Launching: node generate-infinitytalk-spanish.mjs --start lesson-1-2
  | COMPLETE: lesson-1-2-avatar-es.mp4 (147.9min)
  | DONE: 1/1 Spanish videos generated
[4/1/2026, 10:35:55] Pipeline exited code=0 signal=null
[4/1/2026, 10:35:55] ALL 3 SPANISH VIDEOS COMPLETE!
[4/1/2026, 10:35:55] Watcher stopped.
